▿ Config
  - analyticsProperties: 0 elements
  - baseImports: 0 members
  ▿ baseTestImports: 2 members
    - "Nimble"
    - "XCTest"
  - builderImports: 0 members
  ▿ contextGenericTypes: 1 element
    - "AnyCancellable"
  - dependencies: 0 elements
  ▿ dependencyInjectionImports: 1 member
    - "NeedleFoundation"
  - fileHeader: "//___FILEHEADER___"
  - flowImports: 0 members
  - flowProperties: 0 elements
  - isPeripheryCommentEnabled: false
  - isPreviewProviderEnabled: false
  - isTestTemplatesGenerationEnabled: false
  - isViewInjectedTemplateEnabled: true
  - publisherFailureType: "Never"
  - publisherType: "AnyPublisher"
  ▿ reactiveImports: 1 member
    - "Combine"
  ▿ uiFrameworks: 2 elements
    ▿ UIFramework
      - framework: Framework.uiKit
      - viewControllerMethods: "@available(*, unavailable)\ninternal required init?(coder: NSCoder) {\n    preconditionFailure(\"init(coder:) has not been implemented\")\n}\n\noverride internal func viewDidLoad() {\n    super.viewDidLoad()\n    view.backgroundColor = .systemBackground\n    update(with: initialState)\n}\n\noverride internal func viewWillAppear(_ animated: Bool) {\n    super.viewWillAppear(animated)\n    observe(statePublisher).store(in: &cancellables)\n}\n\noverride internal func viewWillDisappear(_ animated: Bool) {\n    super.viewWillDisappear(animated)\n    cancellables.cancelAll()\n}"
      - viewControllerProperties: ""
    ▿ UIFramework
      - framework: Framework.swiftUI
      - viewControllerMethods: ""
      - viewControllerProperties: ""
  - viewControllableFlowType: "ViewControllableFlow"
  - viewControllableMockContents: ""
  - viewControllableType: "ViewControllable"
  - viewControllerImports: 0 members
  - viewControllerSubscriptionsProperty: "/// The collection of cancellable instances.\nprivate var cancellables: Set<AnyCancellable> = .init()"
  - viewControllerUpdateComment: "// Add implementation to update the user interface when the view state changes."
  - viewStateEmptyFactory: "Empty().eraseToAnyPublisher()"
  - viewStateOperators: ".removeDuplicates()\n.receive(on: DispatchQueue.main)\n.eraseToAnyPublisher()"
  - viewStatePropertyComment: "The view state publisher"
  - viewStatePropertyName: "statePublisher"
  - viewStateTransform: "Publishers.Map(upstream: context.$state, transform: viewStateFactory).eraseToAnyPublisher()"
  ▿ workerGenericTypes: 1 element
    - "AnyCancellable"
