▿ NodeXcodeTemplateV2Permutation
  - name: "usePluginListSwiftUI"
  ▿ stencilContext: NodeStencilContext
    ▿ analyticsImports: 1 element
      - "<baseImport>"
    ▿ analyticsProperties: 1 element
      ▿ 2 key/value pairs
        ▿ (2 elements)
          - key: "name"
          - value: "<analyticsPropertyName>"
        ▿ (2 elements)
          - key: "type"
          - value: "<analyticsPropertyType>"
    ▿ analyticsTestsImports: 1 element
      - "<baseTestImport>"
    ▿ builderImports: 5 elements
      - "<baseImport>"
      - "<builderImport>"
      - "<dependencyInjectionImport>"
      - "<reactiveImport>"
      - "Nodes"
    - componentDependencies: ""
    ▿ contextGenericTypes: 1 element
      - "<contextGenericType>"
    ▿ contextImports: 3 elements
      - "<baseImport>"
      - "<reactiveImport>"
      - "Nodes"
    ▿ contextTestsImports: 1 element
      - "<baseTestImport>"
    ▿ dependencies: 1 element
      ▿ 2 key/value pairs
        ▿ (2 elements)
          - key: "name"
          - value: "<dependencyName>"
        ▿ (2 elements)
          - key: "type"
          - value: "<dependencyType>"
    - fileHeader: "___FILEHEADER___"
    ▿ flowImports: 3 elements
      - "<baseImport>"
      - "<flowImport>"
      - "Nodes"
    ▿ flowProperties: 1 element
      ▿ 2 key/value pairs
        ▿ (2 elements)
          - key: "name"
          - value: "<flowPropertyName>"
        ▿ (2 elements)
          - key: "type"
          - value: "<flowPropertyType>"
    ▿ flowTestsImports: 1 element
      - "<baseTestImport>"
    - isNimbleEnabled: false
    - isPeripheryCommentEnabled: true
    - isPreviewProviderEnabled: true
    - nodeName: "___VARIABLE_productName___"
    ▿ pluginImports: 3 elements
      - "<baseImport>"
      - "<dependencyInjectionImport>"
      - "Nodes"
    - pluginListName: "___VARIABLE_pluginListName___"
    - pluginName: "___VARIABLE_productName___"
    ▿ pluginTestsImports: 2 elements
      - "<baseTestImport>"
      - "NodesTesting"
    - publisherFailureType: "<publisherFailureType>"
    - publisherType: "<publisherType>"
    ▿ stateImports: 1 element
      - "<baseImport>"
    - viewControllableFlowType: "<viewControllableFlowType>"
    - viewControllableMockContents: "<viewControllableMockContents>"
    - viewControllableType: "<viewControllableType>"
    ▿ viewControllerImports: 5 elements
      - "<baseImport>"
      - "<reactiveImport>"
      - "<viewControllerImport>"
      - "Nodes"
      - "SwiftUI"
    - viewControllerMethods: ""
    - viewControllerStaticContent: "<viewControllerStaticContent>"
    - viewControllerSubscriptionsProperty: "<viewControllerSubscriptionsProperty>"
    - viewControllerSuperParameters: ""
    ▿ viewControllerTestsImports: 2 elements
      - "<baseTestImport>"
      - "<reactiveImport>"
    - viewControllerType: "UIHostingController"
    - viewControllerUpdateComment: "<viewControllerUpdateComment>"
    - viewStateEmptyFactory: "<viewStateEmptyFactory>"
    ▿ viewStateFactoryTestsImports: 1 element
      - "<baseTestImport>"
    ▿ viewStateImports: 2 elements
      - "<baseImport>"
      - "Nodes"
    - viewStateOperators: "<viewStateOperators>"
    - viewStatePropertyComment: "<viewStatePropertyComment>"
    - viewStatePropertyName: "<viewStatePropertyName>"
    - viewStateTransform: "<viewStateTransform>"
    ▿ workerGenericTypes: 1 element
      - "<workerGenericType>"
  ▿ stencils: 14 elements
    - Analytics
    ▿ Builder
      - builder: Variation.swiftUI
    - Context
    - Flow
    - Plugin
    - State
    ▿ ViewController
      - viewController: Variation.swiftUI
    - ViewState
    - AnalyticsTests
    - ContextTests
    - FlowTests
    - PluginTests
    ▿ ViewControllerTests
      - viewControllerTests: Variation.swiftUI
    - ViewStateFactoryTests
