▿ 6 elements
  ▿ (2 elements)
    - path: "/WindowAnalytics.swift"
    - atomically: true
  ▿ (2 elements)
    - path: "/WindowBuilder.swift"
    - atomically: true
  ▿ (2 elements)
    - path: "/WindowContext.swift"
    - atomically: true
  ▿ (2 elements)
    - path: "/WindowFlow.swift"
    - atomically: true
  ▿ (2 elements)
    - path: "/WindowInterface.swift"
    - atomically: true
  ▿ (2 elements)
    - path: "/WindowState.swift"
    - atomically: true
