//
//  Created by <author> on <date>.
//

/**
 PURPOSE:
 The state of the Node.
 */
internal struct WindowState: Equatable {

    internal static func initialState() -> Self {
        WindowState()
    }
}
