//<fileHeader>

#warning("Manually move this test file to the corresponding test target then delete this warning.")

final class <nodeName>ContextTests: XCTestCase {

    private var storeMock: StateStoreMock<<nodeName>State>!
    private var analyticsMock: <nodeName>AnalyticsMock!

    @MainActor
    override func setUp() {
        super.setUp()
        storeMock = StateStoreMock(
            state: <nodeName>State()
        )
        analyticsMock = <nodeName>AnalyticsMock()
    }

    @MainActor
    override func tearDown() {
        storeMock = nil
        analyticsMock = nil
        super.tearDown()
    }

    @MainActor
    func testNotNil() {
        let context: <nodeName>ContextImp = givenContext()
        XCTAssertNotNil(context)
    }

    @MainActor
    func testWorkersIsEmpty() {
        XCTAssertTrue(context.workers.isEmpty)
    }

    @MainActor
    func testActivation() {
        XCTAssertFalse(context.isActive)
        context.activate()
        XCTAssertTrue(context.isActive)
        context.deactivate()
        XCTAssertFalse(context.isActive)
    }

    @MainActor
    private func givenContext() -> <nodeName>ContextImp {
        <nodeName>ContextImp(
            workers: [],
            store: storeMock,
            analytics: analyticsMock
        )
    }
}
