//<fileHeader>

#warning("Manually move this test file to the corresponding test target then delete this warning.")

final class <pluginName>PluginTests: XCTestCase {

    private var plugin: <pluginName>PluginImp!

    @MainActor
    override func setUp() {
        super.setUp()
        plugin = <pluginName>PluginImp(componentFactory: injectComponent { parent in
            <pluginName>PluginComponent(parent: parent)
        } with: {
            // swiftlint:disable:next direct_return
            let dependency: <pluginName>PluginDependencyMock = .init()
            // dependency.<dependencyName> = <dependencyName>Mock
            return dependency
        })
    }

    @MainActor
    override func tearDown() {
        plugin = nil
        super.tearDown()
    }

    @MainActor
    func testCreate() {
        XCTAssertNotNil(plugin.create())
    }

    @MainActor
    func testOverride() {
        XCTAssertNotNil(plugin.override())
    }
}
