//<fileHeader>

import <stateImport>

/**
 PURPOSE:
 The state of the Node.
 */
internal struct AppState: Equatable {

    internal static func initialState() -> Self {
        AppState()
    }
}
