//<fileHeader>

import <stateImport>

/// The state of the Node.
internal struct WindowState: Equatable {

    internal static func initialState() -> Self {
        Self()
    }
}
