▿ 6 key/value pairs
  ▿ (2 elements)
    - key: "cancellable_type"
    - value: "<cancellableType>"
  ▿ (2 elements)
    - key: "file_header"
    - value: "<fileHeader>"
  ▿ (2 elements)
    - key: "is_documentation_enabled"
    - value: true
  ▿ (2 elements)
    - key: "is_periphery_comment_enabled"
    - value: true
  ▿ (2 elements)
    - key: "worker_imports"
    ▿ value: 1 element
      - "<workerImport>"
  ▿ (2 elements)
    - key: "worker_name"
    - value: "<workerName>"
