▿ NodeWithoutViewStateTemplate
  ▿ context: NodeWithoutViewStateContext
    ▿ builderImports: 3 elements
      - "<dependencyInjectionImports>"
      - "<reactiveImports>"
      - "Nodes"
    - cancellableType: "<cancellableType>"
    ▿ contextImports: 2 elements
      - "<reactiveImports>"
      - "Nodes"
    ▿ dependencies: 1 element
      ▿ 2 key/value pairs
        ▿ (2 elements)
          - key: "name"
          - value: "<dependenciesName>"
        ▿ (2 elements)
          - key: "type"
          - value: "<dependenciesType>"
    - fileHeader: "<fileHeader>"
    ▿ flowImports: 1 element
      - "Nodes"
    ▿ flowProperties: 1 element
      ▿ 2 key/value pairs
        ▿ (2 elements)
          - key: "name"
          - value: "<flowPropertiesName>"
        ▿ (2 elements)
          - key: "type"
          - value: "<flowPropertiesType>"
    - nodeName: "___VARIABLE_productName___"
    - viewControllableFlowType: "<viewControllableFlowType>"
    - viewControllableType: "<viewControllableType>"
    ▿ viewControllerImports: 3 elements
      - "<reactiveImports>"
      - "<viewImports>"
      - "Nodes"
    - viewControllerMethods: "<viewControllerWithoutViewStateMethods>"
    - viewControllerProperties: "<viewControllerProperties>"
    - viewControllerSuperParameters: "<viewControllerSuperParameters>"
    - viewControllerType: "<viewControllerType>"
    ▿ workerImports: 2 elements
      - "<reactiveImports>"
      - "Nodes"
    - workerName: "___VARIABLE_productName___"
  - filenames: 0 key/value pairs
  - name: "Node (without view state)"
  ▿ propertyList: XcodeTemplatePropertyList
    ▿ allowedTypes: 1 element
      - "public.swift-source"
    - description: "The source files implementing a Node."
    - kind: "Xcode.IDEFoundation.TextSubstitutionFileTemplateKind"
    - mainTemplateFile: "___FILEBASENAME___.swift"
    ▿ options: 1 element
      ▿ Option
        - default: Optional<String>.none
        - description: "The name of the Node"
        - identifier: "productName"
        - name: "Node name:"
        - notPersisted: true
        - required: true
        - type: "text"
    - platforms: 0 elements
    - sortOrder: 2
    - summary: "The source files implementing a Node"
    - supportsSwiftPackage: true
  ▿ stencils: 6 elements
    - "Analytics"
    - "Builder"
    - "Context"
    - "Flow"
    - "ViewController"
    - "Worker"
