▿ UIFramework
  ▿ framework: Framework
    ▿ custom: (3 elements)
      - name: "<name>"
      - import: "<import>"
      - viewControllerType: "<viewControllerType>"
  - viewControllerMethods: "<viewControllerMethods>"
  - viewControllerMethodsForRootNode: "<viewControllerMethodsForRootNode>"
  - viewControllerProperties: "<viewControllerProperties>"
  - viewControllerSuperParameters: "<viewControllerSuperParameters>"
