<fileHeader>

import <viewControllerImports>

/**
 PURPOSE:
 The interface that the View will speak to the Context through. Used for informing the Context of
 view events and user interactions.
 */
internal protocol <nodeName>Receiver: AnyObject {}

/**
 PURPOSE:
 Host of the SwiftUI view.
 */
internal final class <nodeName>ViewController: AbstractViewHostingController
<
    <nodeName>View
> {

    <viewControllerProperties>

    <viewControllerMethods>
}

extension <nodeName>ViewController: <nodeName>ViewControllable {}
extension <nodeName>ViewController: <nodeName>Presentable {}

/**
 PURPOSE:
 Concrete implementation of the View.
 */
internal struct <nodeName>View: NodesView {

    /// The body of the view.
    internal var body: some View {
        WithViewState(viewState) { viewState in
            Text(verbatim: "\(type(of: viewState))")
        }
    }

    /// The view receiver.
    internal weak var receiver: <nodeName>Receiver?

    /// The Analytics instance.
    internal weak var analytics: <nodeName>Analytics?

    /// The view state publisher.
    private let viewState: <publisherType><<nodeName>ViewState<publisherFailureType>>

    /// The initializer.
    /// - Parameter viewState: The view state publisher
    internal init(viewState: <publisherType><<nodeName>ViewState<publisherFailureType>>) {
        self.viewState = viewState
            <viewStateOperators>
    }
}

/**
 PURPOSE:
 The SwiftUI preview (excluded from release builds).
 */
internal struct <nodeName>View_Previews: PreviewProvider {

    private static let viewState: AnyPublisher<<nodeName>ViewState<publisherFailureType>> =
        Just<<nodeName>ViewState>(.initialState).eraseToAnyPublisher()

    internal static var previews: some View {
        <nodeName>View(viewState: viewState)
    }
}
