<fileHeader>

#warning("Manually move this test file to the corresponding test target.")

final class RootViewControllerTests: XCTestCase {

    func testNotNil() {
        XCTAssertNotNil(givenViewController(with: RootViewState()))
    }

    private func givenViewController(
        with state: RootViewState
    ) -> RootViewController {
        RootViewController(
            initialState: state,
            <viewStatePropertyName>: Empty().eraseToAnyPublisher()
        )
    }
}
