<fileHeader>

internal struct RootState: Equatable {}
