//___FILEHEADER___

import Nodes

internal struct ___VARIABLE_productName___ViewState: Equatable {}

/// Transforms state into view state.
internal class ___VARIABLE_productName___ViewStateFactory: Nodes.Transform {

    internal func callAsFunction(
        _ state: ___VARIABLE_productName___State
    ) -> ___VARIABLE_productName___ViewState {
        ___VARIABLE_productName___ViewState()
    }
}
