//___FILEHEADER___

#warning("Manually move this test file to the corresponding test target then delete this warning.")

import Nimble
import Nodes
import XCTest

final class ___VARIABLE_productName___ContextTests: XCTestCase {

    private var analyticsMock: ___VARIABLE_productName___AnalyticsMock!

    @MainActor
    override func setUp() {
        super.setUp()
        analyticsMock = ___VARIABLE_productName___AnalyticsMock()
    }

    @MainActor
    override func tearDown() {
        analyticsMock = nil
        super.tearDown()
    }

    @MainActor
    func testNotNil() {
        let context: ___VARIABLE_productName___ContextImp = givenContext()
        expect(context) != nil
    }

    @MainActor
    func testWorkersIsEmpty() {
        let context: ___VARIABLE_productName___ContextImp = givenContext()
        expect(context.workers).to(beEmpty())
    }

    @MainActor
    func testActivation() {
        expect { [self] in context.isActive } == false
        context.activate()
        expect { [self] in context.isActive } == true
        context.deactivate()
        expect { [self] in context.isActive } == false
    }

    @MainActor
    private func givenContext() -> ___VARIABLE_productName___ContextImp {
        ___VARIABLE_productName___ContextImp(
            workers: [],
            analytics: analyticsMock
        )
    }
}
