//___FILEHEADER___

#warning("Manually move this test file to the corresponding test target then delete this warning.")

import Nimble
import NodesTesting
import XCTest

final class ___VARIABLE_productName___BuilderTests: XCTestCase {

    private var listenerMock: ___VARIABLE_productName___ListenerMock!
    private var viewControllableMock: ___VARIABLE_productName___ViewControllableMock!
    private var builder: ___VARIABLE_productName___BuilderImp!

    @MainActor
    override func setUp() {
        super.setUp()
        listenerMock = ___VARIABLE_productName___ListenerMock()
        viewControllableMock = ___VARIABLE_productName___ViewControllableMock()
        builder = ___VARIABLE_productName___BuilderImp(componentFactory: injectComponent { parent in
            ___VARIABLE_productName___Component(parent: parent)
        } with: {
            // swiftlint:disable:next direct_return
            let dependency: ___VARIABLE_productName___DependencyMock = .init()
            // dependency.<dependencyName> = <DependencyName>Mock
            return dependency
        })
    }

    @MainActor
    override func tearDown() {
        listenerMock = nil
        viewControllableMock = nil
        builder = nil
        super.tearDown()
    }

    @MainActor
    func testCreate() {
        expect { [self] in builder.build(withListener: listenerMock, viewController: viewControllableMock) } != nil
    }
}
