▿ (2 elements)
  - key: "viewStateEmptyFactory"
  ▿ error: DecodingError
    ▿ dataCorrupted: Context
      - codingPath: 0 elements
      - debugDescription: "The given data was not valid YAML."
      ▿ underlyingError: Optional<Error>
        ▿ some: ConfigError
          ▿ emptyStringNotAllowed: (1 element)
            - key: "viewStateEmptyFactory"
